# Once I get the maven build successful...
INFO] ------------------------------------------------------------------------
[INFO] BUILD SUCCESS
[INFO] ------------------------------------------------------------------------
[INFO] Total time:  8.706 s
[INFO] Finished at: 2019-11-29T08:38:26-06:00
[INFO] ------------------------------------------------------------------------

# ....I can run the application
$ java -jar target/micronaut-validation-demo-1.0.0.jar 
[INFO ] 2019-11-29 08:39:28,129 [main] io.micronaut.runtime.Micronaut line:94 - Startup completed in 1055ms. Server Running: http://localhost:29999
...

# Check the application's health

$ http :29999/health
HTTP/1.1 200 Ok
Date: Fri, 29 Nov 2019 14:40:12 GMT
connection: keep-alive
content-length: 279
content-type: application/json

{
    "details": {
        "compositeDiscoveryClient()": {
            "name": "micronaut-validation-demo",
            "status": "UP"
        },
        "diskSpace": {
            "details": {
                "free": 868781678592,
                "threshold": 10485760,
                "total": 982900588544
            },
            "name": "micronaut-validation-demo",
            "status": "UP"
        }
    },
    "name": "micronaut-validation-demo",
    "status": "UP"
}

# Output of HTTPie call to validate a person object, I happen to already know is correct

$ http :29999/api/v1/valid < mn-person-1.json 
HTTP/1.1 200 OK
Date: Fri, 29 Nov 2019 14:41:47 GMT
connection: keep-alive
content-length: 415
content-type: text/plain

Micronaut Person [{"id":null,"name":{"firstName":"Bob","lastName":"Tomato","prefix":null,"suffix":"III"},"address":
{"streetLine1":"123 Main St","streetLine2":"Suite ABC","streetLine3":null,"city":"Anytown","stateCode":"MO",
"postalCode":"99999","country":null,"endOfLease":null},"phone":{"countryCode":1,"areaCode":816,"prefix":555,"suffix":1212,
"extension":0,"usformatted":null},"birthDate":"1945-05-15"}] was valid


# This is the Logback output of the application for the same call...

[INFO ] 2019-11-29 08:41:47,336 [pool-1-thread-13] f.s.v.c.ValidationController line:49 - inbound person: 
{"id":null,"name":{"firstName":"Bob","lastName":"Tomato","prefix":null,"suffix":"III"},"address":{
"streetLine1":"123 Main St","streetLine2":"Suite ABC","streetLine3":null,"city":"Anytown","stateCode":"MO",
"postalCode":"99999","country":null,"endOfLease":null},"phone":{"countryCode":1,"areaCode":816,"prefix":555,
"suffix":1212,"extension":0,"usformatted":null},"birthDate":"1945-05-15"}

# ... which is pretty much the same thing as the REST call response

# Not the shiniest output of an application, however, does show that the payload "was valid"

## 
## Now, will run three (3) payloads known to be invalid and will show both Response and Logback outputs

## 1 - Blank names sent in:
 http :29999/api/v1/valid < mn-person-invalid-1.json 
HTTP/1.1 400 Invalid data was POSTed
Date: Fri, 29 Nov 2019 14:43:42 GMT
connection: close
content-length: 47
content-type: application/json

[First Name is required, Last Name is required]

 http :29999/api/v1/valid < mn-person-invalid-1.json 
HTTP/1.1 400 Invalid data was POSTed
Date: Fri, 29 Nov 2019 14:43:42 GMT
connection: close
content-length: 47
content-type: application/json

[First Name is required, Last Name is required]

# 2 Invalid Area code of the phone number and Postal (Zip) code (based on simple rules I created in the code)

$ http :29999/api/v1/valid < mn-person-invalid-2.json 
HTTP/1.1 400 Invalid data was POSTed
Date: Fri, 29 Nov 2019 14:44:46 GMT
connection: close
content-length: 115
content-type: application/json

[Area Code must be less than 3 digits, Postal Code in US is 5 digit or 5+4 format, Prefix must be greater than 100]


[ERROR] 2019-11-29 08:44:46,395 [nioEventLoopGroup-1-2] f.s.v.c.ValidationController line:81 - Inbound REST call 
tripped validation error(s) [[Area Code must be less than 3 digits, Postal Code in US is 5 digit or 5+4 format, 
Prefix must be greater than 100]]


# 3 has a Invalid birthdate (in the future) and a rule I created that states an Addresses lease cannot end in the past

$ http :29999/api/v1/valid < mn-person-invalid-3.json 
HTTP/1.1 400 Invalid data was POSTed
Date: Fri, 29 Nov 2019 14:45:38 GMT
connection: close
content-length: 90
content-type: application/json

[End of lease cannot be in the past, Person's birthday cannot be in present or the future]

[ERROR] 2019-11-29 08:45:38,819 [nioEventLoopGroup-1-3] f.s.v.c.ValidationController line:81 - Inbound REST 
call tripped validation error(s) [[End of lease cannot be in the past, Person's birthday cannot be in present or the future]]


